[48;2;255;255;255m[0J[38;2;0;0;0m[38;2;0;0;0m[38;2;0;0;0m48000 samples per second.  16 bits per sample.  1 audio channels.
31330946 audio bytes in file.  Duration = 326.4 seconds.
Fix Bits level = 0
[38;2;0;192;0mChannel 0: 9600 baud, K9NG/G3RUH,  , 48000 sample rate x 3.
[38;2;0;0;0mThe ratio of audio samples per sec (48000) to data rate in baud (9600) is 5.0
Increasing the sample rate should improve decoder performance.
[38;2;0;192;0m
DECODED[1] 1:49.078 LASP audio level = 145(+66/-66)     
[38;2;0;192;0m[0] LASP>CANVAS:<0x08><0x07>È8<0x00><0x15>2<0x11><0x1f><0x06><0x03>%<0x00><0x01><0x00><0x01><0x00><0x00><0x02><0x00><0x00><0x00><0x0a><0x0a>|GùQ
[38;2;0;192;0m------
U frame UI: p/f=0, No layer 3 protocol implemented., length = 44
 dest    CANVAS  0 c/r=0 res=3 last=0
 source  LASP    0 c/r=1 res=3 last=1
  000:  86 82 9c ac 82 a6 60 98 82 a6 a0 40 40 e1 03 f0  ......`....@@...
  010:  08 07 e9 38 00 15 32 11 1f 06 03 25 00 01 00 01  ...8..2....%....
  020:  00 00 02 00 00 00 0a 0a 7c 47 9d 51              ........|G.Q
------
[38;2;0;192;0m
DECODED[2] 2:02.115 LASP audio level = 148(+67/-66)     
[38;2;0;192;0m[0] LASP>CANVAS:<0x08><0x1e>ÈW<0x00>)2<0x11><0x1f><0x13><0x03>%<0x00><0x06><0x00><0x00><0x02>—<0x04>$<0x01>i<<0x0a><0x04><0x1a><0x05>|<0x00><0x00><0x00><0x02><0x04><0x1a><0x01>^<0x00><0x02><0x00><0x00>2<0x10>∏≈‡è>Ñ
[38;2;0;192;0m------
U frame UI: p/f=0, No layer 3 protocol implemented., length = 64
 dest    CANVAS  0 c/r=0 res=3 last=0
 source  LASP    0 c/r=1 res=3 last=1
  000:  86 82 9c ac 82 a6 60 98 82 a6 a0 40 40 e1 03 f0  ......`....@@...
  010:  08 1e e9 57 00 29 32 11 1f 13 03 25 00 06 00 00  ...W.)2....%....
  020:  02 d1 04 24 01 69 3c 0a 04 1a 05 7c 00 00 00 02  ...$.i<....|....
  030:  04 1a 01 5e 00 02 00 00 32 10 b8 c5 e0 8f 3e 84  ...^....2.....>.
------
[38;2;0;192;0m
DECODED[3] 2:19.077 LASP audio level = 145(+69/-65)     
[38;2;0;192;0m[0] LASP>CANVAS:<0x08><0x07>ÈV<0x00><0x15>2<0x11><0x1f>$<0x03>%<0x00><0x01><0x00><0x01><0x00><0x00><0x02><0x00><0x00><0x00><0x0a><0x0a>∂IŸQ
[38;2;0;192;0m------
U frame UI: p/f=0, No layer 3 protocol implemented., length = 44
 dest    CANVAS  0 c/r=0 res=3 last=0
 source  LASP    0 c/r=1 res=3 last=1
  000:  86 82 9c ac 82 a6 60 98 82 a6 a0 40 40 e1 03 f0  ......`....@@...
  010:  08 07 e9 56 00 15 32 11 1f 24 03 25 00 01 00 01  ...V..2..$.%....
  020:  00 00 02 00 00 00 0a 0a b6 49 d9 51              .........I.Q
------
[38;2;0;0;0m[38;2;0;192;0m
DECODED[4] 2:37.115 LASP audio level = 142(+62/-61)     
[38;2;0;192;0m[0] LASP>CANVAS:<0x08><0x1e>Èz<0x00>)2<0x11><0x1f>6<0x03>%<0x00><0x06><0x00><0x00><0x02>—<0x04>$<0x01>i<<0x0a><0x04><0x1a><0x05>|<0x00><0x00><0x00><0x02><0x04><0x1a><0x01>^<0x00><0x02><0x00><0x00>2<0x10>∏≈5ïÑÑ
[38;2;0;192;0m------
U frame UI: p/f=0, No layer 3 protocol implemented., length = 64
 dest    CANVAS  0 c/r=0 res=3 last=0
 source  LASP    0 c/r=1 res=3 last=1
  000:  86 82 9c ac 82 a6 60 98 82 a6 a0 40 40 e1 03 f0  ......`....@@...
  010:  08 1e e9 7a 00 29 32 11 1f 36 03 25 00 06 00 00  ...z.)2..6.%....
  020:  02 d1 04 24 01 69 3c 0a 04 1a 05 7c 00 00 00 02  ...$.i<....|....
  030:  04 1a 01 5e 00 02 00 00 32 10 b8 c5 35 95 84 84  ...^....2...5...
------
[38;2;0;192;0m
DECODED[5] 2:39.077 LASP audio level = 146(+70/-64)     
[38;2;0;192;0m[0] LASP>CANVAS:<0x08><0x07>Èj<0x00><0x15>2<0x11><0x1f>8<0x03>%<0x00><0x01><0x00><0x01><0x00><0x00><0x02><0x00><0x00><0x00><0x0a><0x0a>2K<0x01>R
[38;2;0;192;0m------
U frame UI: p/f=0, No layer 3 protocol implemented., length = 44
 dest    CANVAS  0 c/r=0 res=3 last=0
 source  LASP    0 c/r=1 res=3 last=1
  000:  86 82 9c ac 82 a6 60 98 82 a6 a0 40 40 e1 03 f0  ......`....@@...
  010:  08 07 e9 6a 00 15 32 11 1f 38 03 25 00 01 00 01  ...j..2..8.%....
  020:  00 00 02 00 00 00 0a 0a 32 4b 01 52              ........2K.R
------
[38;2;0;192;0m
DECODED[6] 2:40.202 LASP audio level = 135(+58/-52)     
[38;2;0;192;0m[0] LASP>CANVAS:<0x08><0x1a>Í]<0x00>W2<0x11><0x1f>9<0x03>%<0x08>?<0x08>7<0x07>À<0x06>Î<0x07>b<0x07><0x01><0x0f>Ù<0x00>¥<0x00>π<0x00>µ<0x00><0x10><0x00><0x06>?¯<0x00><0x01><0x06>Ä<0x00>C.ÿ<0x00>6<0x0c>ÿ<0x00><0x01><0x06>x<0x00><0x01><0x06>ê<0x00>K@<0x00><0x00><0x00><0x00><0x18><0x00><0x0a>/<0x08><0x00>Ã<0x00>È@=<0xff>H<0x00>]<0x00><0x00><0x01>Ë<0x01>ÿ<0x01>Ë^8}3î+
[38;2;0;192;0m------
U frame UI: p/f=0, No layer 3 protocol implemented., length = 110
 dest    CANVAS  0 c/r=0 res=3 last=0
 source  LASP    0 c/r=1 res=3 last=1
  000:  86 82 9c ac 82 a6 60 98 82 a6 a0 40 40 e1 03 f0  ......`....@@...
  010:  08 1a ea 5d 00 57 32 11 1f 39 03 25 08 3f 08 37  ...].W2..9.%.?.7
  020:  07 cb 06 eb 07 62 07 01 0f f4 00 b4 00 b9 00 b5  .....b..........
  030:  00 10 00 06 3f f8 00 01 06 80 00 43 2e d8 00 36  ....?......C...6
  040:  0c d8 00 01 06 78 00 01 06 90 00 4b 40 00 00 00  .....x.....K@...
  050:  00 18 00 0a 2f 08 00 cc 00 e9 40 3d ff 48 00 5d  ..../.....@=.H.]
  060:  00 00 01 e8 01 d8 01 e8 5e 38 7d 33 94 2b        ........^8}3.+
------
[38;2;0;192;0m
DECODED[7] 2:43.115 LASP audio level = 140(+64/-58)     
[38;2;0;192;0m[0] LASP>CANVAS:<0x08><0x1e>ÈÄ<0x00>)2<0x11><0x1f><<0x03>%<0x00><0x06><0x00><0x00><0x02>—<0x04>$<0x01>i<<0x0a><0x04><0x1a><0x05>|<0x00><0x00><0x00><0x02><0x04><0x1a><0x01>^<0x00><0x02><0x00><0x00>2<0x10>∏≈<0x1f>ñêÑ
[38;2;0;192;0m------
U frame UI: p/f=0, No layer 3 protocol implemented., length = 64
 dest    CANVAS  0 c/r=0 res=3 last=0
 source  LASP    0 c/r=1 res=3 last=1
  000:  86 82 9c ac 82 a6 60 98 82 a6 a0 40 40 e1 03 f0  ......`....@@...
  010:  08 1e e9 80 00 29 32 11 1f 3c 03 25 00 06 00 00  .....)2..<.%....
  020:  02 d1 04 24 01 69 3c 0a 04 1a 05 7c 00 00 00 02  ...$.i<....|....
  030:  04 1a 01 5e 00 02 00 00 32 10 b8 c5 1f 96 90 84  ...^....2.......
------
[38;2;0;192;0m
DECODED[8] 2:48.202 LASP audio level = 135(+58/-54)     
[38;2;0;192;0m[0] LASP>CANVAS:<0x08><0x1a>Í_<0x00>W2<0x11><0x1f>A<0x03>%<0x08><<0x08>4<0x07>«<0x06>Î<0x07>b<0x07><0x02><0x0f>Û<0x00>∂<0x00>¥<0x00>∏<0x00><0x10><0x00><0x06>@<0x00><0x00><0x01><0x06>p<0x00>:.<0x00>8<0x0c>ÿ<0x00><0x01><0x06><0x10><0x00><0x01><0x06>»<0x00>È?Ä<0x00><0x00><0x00><0x18><0x00>È.†<0x00>À<0x00>Ë@„˝T<0x00>`<0x00><0x00><0x01>Ë<0x01>ÿ<0x01>Ë^8E0µ*
[38;2;0;192;0m------
U frame UI: p/f=0, No layer 3 protocol implemented., length = 110
 dest    CANVAS  0 c/r=0 res=3 last=0
 source  LASP    0 c/r=1 res=3 last=1
  000:  86 82 9c ac 82 a6 60 98 82 a6 a0 40 40 e1 03 f0  ......`....@@...
  010:  08 1a ea 5f 00 57 32 11 1f 41 03 25 08 3c 08 34  ..._.W2..A.%.<.4
  020:  07 c7 06 eb 07 62 07 02 0f f3 00 b6 00 b4 00 b8  .....b..........
  030:  00 10 00 06 40 00 00 01 06 70 00 3a 2e f0 00 38  ....@....p.:...8
  040:  0c d8 00 01 06 10 00 01 06 c8 00 e9 3f 80 00 00  ............?...
  050:  00 18 00 e9 2e a0 00 cb 00 e8 40 e3 fd 54 00 60  ..........@..T.`
  060:  00 00 01 e8 01 d8 01 e8 5e 38 45 30 b5 2a        ........^8E0.*
------
[38;2;0;192;0m
DECODED[9] 2:49.077 LASP audio level = 144(+69/-65)     
[38;2;0;192;0m[0] LASP>CANVAS:<0x08><0x07>Èt<0x00><0x15>2<0x11><0x1f>B<0x03>%<0x00><0x01><0x00><0x01><0x00><0x00><0x02><0x00><0x00><0x00><0x0a><0x0a>K<0x15>R
[38;2;0;192;0m------
U frame UI: p/f=0, No layer 3 protocol implemented., length = 44
 dest    CANVAS  0 c/r=0 res=3 last=0
 source  LASP    0 c/r=1 res=3 last=1
  000:  86 82 9c ac 82 a6 60 98 82 a6 a0 40 40 e1 03 f0  ......`....@@...
  010:  08 07 e9 74 00 15 32 11 1f 42 03 25 00 01 00 01  ...t..2..B.%....
  020:  00 00 02 00 00 00 0a 0a f0 4b 15 52              .........K.R
------
[38;2;0;192;0m
DECODED[10] 2:57.115 LASP audio level = 144(+64/-67)     
[38;2;0;192;0m[0] LASP>CANVAS:<0x08><0x1e>Èé<0x00>)2<0x11><0x1f>J<0x03>%<0x00><0x06><0x00><0x00><0x02>—<0x04>$<0x01>i<<0x0a><0x04><0x1a><0x05>|<0x00><0x00><0x00><0x02><0x04><0x1a><0x01>^<0x00><0x02><0x00><0x00>2<0x10>∏≈Aò¨Ñ
[38;2;0;192;0m------
U frame UI: p/f=0, No layer 3 protocol implemented., length = 64
 dest    CANVAS  0 c/r=0 res=3 last=0
 source  LASP    0 c/r=1 res=3 last=1
  000:  86 82 9c ac 82 a6 60 98 82 a6 a0 40 40 e1 03 f0  ......`....@@...
  010:  08 1e e9 8e 00 29 32 11 1f 4a 03 25 00 06 00 00  .....)2..J.%....
  020:  02 d1 04 24 01 69 3c 0a 04 1a 05 7c 00 00 00 02  ...$.i<....|....
  030:  04 1a 01 5e 00 02 00 00 32 10 b8 c5 41 98 ac 84  ...^....2...A...
------
[38;2;0;192;0m
DECODED[11] 2:59.077 LASP audio level = 145(+68/-65)     
[38;2;0;192;0m[0] LASP>CANVAS:<0x08><0x07>È~<0x00><0x15>2<0x11><0x1f>L<0x03>%<0x00><0x01><0x00><0x01><0x00><0x00><0x02><0x00><0x00><0x00><0x0a><0x0a>ÆL)R
[38;2;0;192;0m------
U frame UI: p/f=0, No layer 3 protocol implemented., length = 44
 dest    CANVAS  0 c/r=0 res=3 last=0
 source  LASP    0 c/r=1 res=3 last=1
  000:  86 82 9c ac 82 a6 60 98 82 a6 a0 40 40 e1 03 f0  ......`....@@...
  010:  08 07 e9 7e 00 15 32 11 1f 4c 03 25 00 01 00 01  ...~..2..L.%....
  020:  00 00 02 00 00 00 0a 0a ae 4c 29 52              .........L)R
------
[38;2;0;192;0m
DECODED[12] 3:06.493 LASP audio level = 116(+41/-38)     
[38;2;0;192;0m[0] LASP>CANVAS:<0x08> Èì<0x00>Ò2<0x11><0x1f>S<0x03>%<0x02><0x00><0x02><0x00><0x00><0x00><0x00><0x00><0x00><0x00><0x00><0x01><0x00><0x01><0x00><0x00><0x00><0x0c>©ì©í<0x01>ì<0x00><0x00><0x00><0x07><0x01>å<0x01><0x04><0x02><0x03><0x05><0x01><0x00><0x00>v<0x00><0x00><0x00><0x00><0x00><0x00><0x00><0x00><0x00><0x00><0x03>ªŸ<0x00><0x00><0x00><0x00><0x00><0x00><0x00><0x00><0x04><0x00>©o<0x02><0x01><0x00><0x13><0x00><0x00><0x08>?<0x08>7<0x07> <0x06>È<0x07>`<0x00><0x06>?¯<0x00><0x01><0x08><0x08><0x00>C.ÿ<0x00>6<0x0c>ÿ<0x00><0x01><0x07>x<0x00><0x01><0x08>(<0x00>J?¯<0x00><0x0a>/<0x08><0x00>»<0x00>Ê<0xff>Q<0x00>]<0x00><0x00><0x01>Ë<0x01>ÿ<0x01>Ë<0x01><0x01><0x20><0x00><0x00><0x00><0x00><0x00><0x00><0x00><0x00>Ç<0x0f><0x0b><0x0b><<0x00>!IÄ<0x00><0x00><0x0d>@<0x03>∞<0x01>ò<0x0d><0x08><0x12>∏<0x07><0x00><0x1b>H<0x03>»<0x02><0x10>.ê<0x00>»<0x09>»<0x00><0x00><0x00><0x00><0x00><0x00><0x00><0x08><0x1d><0x16>6ç\âûOÃ<0x17><0x04>ëEJ(‡‚<0xff><0xff><0xff>Î<0x0c><0xff><0xff><0x07>â<0xff><0xff>›r¸#»U˝–Î≠<0x00><0x00>ÿ<0x00><0
[38;2;0;192;0m------
U frame UI: p/f=0, No layer 3 protocol implemented., length = 264
 dest    CANVAS  0 c/r=0 res=3 last=0
 source  LASP    0 c/r=1 res=3 last=1
  000:  86 82 9c ac 82 a6 60 98 82 a6 a0 40 40 e1 03 f0  ......`....@@...
  010:  08 20 e9 93 00 f1 32 11 1f 53 03 25 02 00 02 00  . ....2..S.%....
  020:  00 00 00 00 00 00 00 01 00 01 00 00 00 0c a9 93  ................
  030:  a9 92 01 93 00 00 00 07 01 8c 01 04 02 03 05 01  ................
  040:  00 00 76 00 00 00 00 00 00 00 00 00 00 03 bb d9  ..v.............
  050:  00 00 00 00 00 00 00 00 04 00 a9 6f 02 01 00 13  ...........o....
  060:  00 00 08 3f 08 37 07 ca 06 e9 07 60 00 06 3f f8  ...?.7.....`..?.
  070:  00 01 08 08 00 43 2e d8 00 36 0c d8 00 01 07 78  .....C...6.....x
  080:  00 01 08 28 00 4a 3f f8 00 0a 2f 08 00 c8 00 e6  ...(.J?.../.....
  090:  ff 51 00 5d 00 00 01 e8 01 d8 01 e8 01 01 20 00  .Q.].......... .
  0a0:  00 00 00 00 00 00 00 82 0f 0b 0b 3c 00 21 49 80  ...........<.!I.
  0b0:  00 00 0d 40 03 b0 01 98 0d 08 12 b8 07 00 1b 48  ...@...........H
  0c0:  03 c8 02 10 2e 90 00 c8 09 c8 00 00 00 00 00 00  ................
  0d0:  00 08 1d 16 36 8d 5c 89 9e 4f cc 17 04 91 45 4a  ....6.\..O....EJ
  0e0:  28 e0 e2 ff ff ff eb 0c ff ff 07 89 ff ff dd 72  (..............r
  0f0:  fc 23 c8 55 fd d0 eb ad 00 00 d8 f0 00 00 01 07  .#.U............
  100:  00 12 08 8c 7a 2e 89 a5                          ....z...
------
[38;2;0;0;0m[38;2;0;192;0m
DECODED[13] 3:09.078 LASP audio level = 143(+65/-66)     
[38;2;0;192;0m[0] LASP>CANVAS:<0x08><0x07>Èà<0x00><0x15>2<0x11><0x1f>V<0x03>%<0x00><0x01><0x00><0x01><0x00><0x00><0x02><0x00><0x00><0x00><0x0a><0x0a>lM=R
[38;2;0;192;0m------
U frame UI: p/f=0, No layer 3 protocol implemented., length = 44
 dest    CANVAS  0 c/r=0 res=3 last=0
 source  LASP    0 c/r=1 res=3 last=1
  000:  86 82 9c ac 82 a6 60 98 82 a6 a0 40 40 e1 03 f0  ......`....@@...
  010:  08 07 e9 88 00 15 32 11 1f 56 03 25 00 01 00 01  ......2..V.%....
  020:  00 00 02 00 00 00 0a 0a 6c 4d 3d 52              ........lM=R
------
[38;2;0;192;0m
DECODED[14] 3:19.078 LASP audio level = 145(+66/-68)     
[38;2;0;192;0m[0] LASP>CANVAS:<0x08><0x07>Èí<0x00><0x15>2<0x11><0x1f>`<0x03>%<0x00><0x01><0x00><0x01><0x00><0x00><0x02><0x00><0x00><0x00><0x0a><0x0a>*NQR
[38;2;0;192;0m------
U frame UI: p/f=0, No layer 3 protocol implemented., length = 44
 dest    CANVAS  0 c/r=0 res=3 last=0
 source  LASP    0 c/r=1 res=3 last=1
  000:  86 82 9c ac 82 a6 60 98 82 a6 a0 40 40 e1 03 f0  ......`....@@...
  010:  08 07 e9 92 00 15 32 11 1f 60 03 25 00 01 00 01  ......2..`.%....
  020:  00 00 02 00 00 00 0a 0a 2a 4e 51 52              ........*NQR
------
[38;2;0;192;0m
DECODED[15] 3:24.203 LASP audio level = 136(+54/-56)     
[38;2;0;192;0m[0] LASP>CANVAS:<0x08><0x1a>Íh<0x00>W2<0x11><0x1f>e<0x03>%<0x08>?<0x08>7<0x07>À<0x06>Ë<0x07>^<0x06><0xff><0x0f>Û<0x07>±<0x07><0xfe><0x07>«<0x00>™<0x00><0x13>@<0x00><0x00><0x0d>F<0x00>B.ÿ<0x00>8<0x0c>ÿ<0x00><0x0d>F‡<0x00><0x0d>FË<0x00>D@<0x08><0x00><0x00><0x00>h<0x00><0x0a>/<0x08><0x00>«<0x00>‰@1<0xff>|<0x00>]<0x00><0x00><0x07>ÿ<0x06>»<0x07>∏^8xv9<0x14>
[38;2;0;192;0m------
U frame UI: p/f=0, No layer 3 protocol implemented., length = 110
 dest    CANVAS  0 c/r=0 res=3 last=0
 source  LASP    0 c/r=1 res=3 last=1
  000:  86 82 9c ac 82 a6 60 98 82 a6 a0 40 40 e1 03 f0  ......`....@@...
  010:  08 1a ea 68 00 57 32 11 1f 65 03 25 08 3f 08 37  ...h.W2..e.%.?.7
  020:  07 cb 06 e8 07 5e 06 ff 0f f3 07 b1 07 fe 07 c7  .....^..........
  030:  00 aa 00 13 40 00 00 0d 46 f0 00 42 2e d8 00 38  ....@...F..B...8
  040:  0c d8 00 0d 46 e0 00 0d 46 e8 00 44 40 08 00 00  ....F...F..D@...
  050:  00 68 00 0a 2f 08 00 c7 00 e4 40 31 ff 7c 00 5d  .h../.....@1.|.]
  060:  00 00 07 d8 06 c8 07 b8 5e 38 78 76 39 14        ........^8xv9.
------
[38;2;0;192;0m
DECODED[16] 3:29.078 LASP audio level = 144(+70/-66)     
[38;2;0;192;0m[0] LASP>CANVAS:<0x08><0x07>Èú<0x00><0x15>2<0x11><0x1f>j<0x03>%<0x00><0x01><0x00><0x01><0x00><0x00><0x02><0x00><0x00><0x00><0x0a><0x0a>ËNeR
[38;2;0;192;0m------
U frame UI: p/f=0, No layer 3 protocol implemented., length = 44
 dest    CANVAS  0 c/r=0 res=3 last=0
 source  LASP    0 c/r=1 res=3 last=1
  000:  86 82 9c ac 82 a6 60 98 82 a6 a0 40 40 e1 03 f0  ......`....@@...
  010:  08 07 e9 9c 00 15 32 11 1f 6a 03 25 00 01 00 01  ......2..j.%....
  020:  00 00 02 00 00 00 0a 0a e8 4e 65 52              .........NeR
------
[38;2;0;192;0m
DECODED[17] 3:32.115 LASP audio level = 145(+62/-67)     
[38;2;0;192;0m[0] LASP>CANVAS:<0x08><0x1e>È±<0x00>)2<0x11><0x1f>m<0x03>%<0x00><0x06><0x00><0x00><0x02>—<0x04>$<0x01>i<<0x0a><0x04><0x1a><0x05>|<0x00><0x00><0x00><0x02><0x04><0x1a><0x01>^<0x00><0x02><0x00><0x00>2<0x10>∏≈ñùÚÑ
[38;2;0;192;0m------
U frame UI: p/f=0, No layer 3 protocol implemented., length = 64
 dest    CANVAS  0 c/r=0 res=3 last=0
 source  LASP    0 c/r=1 res=3 last=1
  000:  86 82 9c ac 82 a6 60 98 82 a6 a0 40 40 e1 03 f0  ......`....@@...
  010:  08 1e e9 b1 00 29 32 11 1f 6d 03 25 00 06 00 00  .....)2..m.%....
  020:  02 d1 04 24 01 69 3c 0a 04 1a 05 7c 00 00 00 02  ...$.i<....|....
  030:  04 1a 01 5e 00 02 00 00 32 10 b8 c5 96 9d f2 84  ...^....2.......
------
[38;2;0;192;0m
DECODED[18] 3:33.202 LASP audio level = 136(+54/-58)     
[38;2;0;192;0m[0] LASP>CANVAS:<0x08><0x1a>Ík<0x00>W2<0x11><0x1f>n<0x03>%<0x08>D<0x08><<0x07>–<0x06>‚<0x07>\<0x06>¯<0x0f>Û<0x08>I<0x0b><0x02><0x08>l<0x00>∏<0x01>6A<0x10><0x00>jKò<0x00>C.ÿ<0x00>8<0x0c>ÿ<0x00>Gc8<0x00>kK®<0x00>IA<0x10><0x00><0x00><0x00>p<0x00><0x0a>/<0x08><0x00>“<0x00>Ê@#<0x02>Ñ<0x00>]<0x00><0x00><0x07>ÿ<0x06>»<0x07>∏^8ZTòE
[38;2;0;192;0m------
U frame UI: p/f=0, No layer 3 protocol implemented., length = 110
 dest    CANVAS  0 c/r=0 res=3 last=0
 source  LASP    0 c/r=1 res=3 last=1
  000:  86 82 9c ac 82 a6 60 98 82 a6 a0 40 40 e1 03 f0  ......`....@@...
  010:  08 1a ea 6b 00 57 32 11 1f 6e 03 25 08 44 08 3c  ...k.W2..n.%.D.<
  020:  07 d0 06 e2 07 5c 06 f8 0f f3 08 49 0b 02 08 6c  .....\.....I...l
  030:  00 b8 01 36 41 10 00 6a 4b 98 00 43 2e d8 00 38  ...6A..jK..C...8
  040:  0c d8 00 47 63 38 00 6b 4b a8 00 49 41 10 00 00  ...Gc8.kK..IA...
  050:  00 70 00 0a 2f 08 00 d2 00 e6 40 23 02 84 00 5d  .p../.....@#...]
  060:  00 00 07 d8 06 c8 07 b8 5e 38 5a 54 98 45        ........^8ZT.E
------
[38;2;0;192;0m
DECODED[19] 3:39.078 LASP audio level = 145(+64/-69)     
[38;2;0;192;0m[0] LASP>CANVAS:<0x08><0x07>È¶<0x00><0x15>2<0x11><0x1f>t<0x03>%<0x00><0x01><0x00><0x01><0x00><0x00><0x02><0x00><0x00><0x00><0x0a><0x0a>¶OyR
[38;2;0;192;0m------
U frame UI: p/f=0, No layer 3 protocol implemented., length = 44
 dest    CANVAS  0 c/r=0 res=3 last=0
 source  LASP    0 c/r=1 res=3 last=1
  000:  86 82 9c ac 82 a6 60 98 82 a6 a0 40 40 e1 03 f0  ......`....@@...
  010:  08 07 e9 a6 00 15 32 11 1f 74 03 25 00 01 00 01  ......2..t.%....
  020:  00 00 02 00 00 00 0a 0a a6 4f 79 52              .........OyR
------
[38;2;0;192;0m
DECODED[20] 3:40.115 LASP audio level = 142(+60/-65)     
[38;2;0;192;0m[0] LASP>CANVAS:<0x08><0x1e>Èπ<0x00>)2<0x11><0x1f>u<0x03>%<0x00><0x06><0x00><0x00><0x02>—<0x04>$<0x01>i<<0x0a><0x04><0x1a><0x05>|<0x00><0x00><0x00><0x02><0x04><0x1a><0x01>^<0x00><0x02><0x00><0x00>2<0x10>∏≈Œû<0x02>Ö
[38;2;0;192;0m------
U frame UI: p/f=0, No layer 3 protocol implemented., length = 64
 dest    CANVAS  0 c/r=0 res=3 last=0
 source  LASP    0 c/r=1 res=3 last=1
  000:  86 82 9c ac 82 a6 60 98 82 a6 a0 40 40 e1 03 f0  ......`....@@...
  010:  08 1e e9 b9 00 29 32 11 1f 75 03 25 00 06 00 00  .....)2..u.%....
  020:  02 d1 04 24 01 69 3c 0a 04 1a 05 7c 00 00 00 02  ...$.i<....|....
  030:  04 1a 01 5e 00 02 00 00 32 10 b8 c5 ce 9e 02 85  ...^....2.......
------
[38;2;0;0;0m[38;2;0;192;0m
DECODED[21] 4:07.116 LASP audio level = 149(+67/-68)     
[38;2;0;192;0m[0] LASP>CANVAS:<0x08><0x1e>È‘<0x00>)2<0x11><0x1f>ê<0x03>%<0x00><0x06><0x00><0x00><0x02>—<0x04>$<0x01>i<<0x0a><0x04><0x1a><0x05>|<0x00><0x00><0x00><0x02><0x04><0x1a><0x01>^<0x00><0x02><0x00><0x00>2<0x10>∏≈Î¢8Ö
[38;2;0;192;0m------
U frame UI: p/f=0, No layer 3 protocol implemented., length = 64
 dest    CANVAS  0 c/r=0 res=3 last=0
 source  LASP    0 c/r=1 res=3 last=1
  000:  86 82 9c ac 82 a6 60 98 82 a6 a0 40 40 e1 03 f0  ......`....@@...
  010:  08 1e e9 d4 00 29 32 11 1f 90 03 25 00 06 00 00  .....)2....%....
  020:  02 d1 04 24 01 69 3c 0a 04 1a 05 7c 00 00 00 02  ...$.i<....|....
  030:  04 1a 01 5e 00 02 00 00 32 10 b8 c5 eb a2 38 85  ...^....2.....8.
------
[38;2;0;192;0m
DECODED[22] 4:19.079 LASP audio level = 149(+69/-65)     
[38;2;0;192;0m[0] LASP>CANVAS:<0x08><0x07>ÈŒ<0x00><0x15>2<0x11><0x1f>ú<0x03>%<0x00><0x01><0x00><0x01><0x00><0x00><0x02><0x00><0x00><0x00><0x0a><0x0a>ûR…R
[38;2;0;192;0m------
U frame UI: p/f=0, No layer 3 protocol implemented., length = 44
 dest    CANVAS  0 c/r=0 res=3 last=0
 source  LASP    0 c/r=1 res=3 last=1
  000:  86 82 9c ac 82 a6 60 98 82 a6 a0 40 40 e1 03 f0  ......`....@@...
  010:  08 07 e9 ce 00 15 32 11 1f 9c 03 25 00 01 00 01  ......2....%....
  020:  00 00 02 00 00 00 0a 0a 9e 52 c9 52              .........R.R
------
[38;2;0;192;0m
DECODED[23] 4:22.116 LASP audio level = 146(+64/-64)     
[38;2;0;192;0m[0] LASP>CANVAS:<0x08><0x1e>È„<0x00>)2<0x11><0x1f>ü<0x03>%<0x00><0x06><0x00><0x00><0x02>—<0x04>$<0x01>i<<0x0a><0x04><0x1a><0x05>|<0x00><0x00><0x00><0x02><0x04><0x1a><0x01>^<0x00><0x02><0x00><0x00>2<0x10>∏≈4•VÖ
[38;2;0;192;0m------
U frame UI: p/f=0, No layer 3 protocol implemented., length = 64
 dest    CANVAS  0 c/r=0 res=3 last=0
 source  LASP    0 c/r=1 res=3 last=1
  000:  86 82 9c ac 82 a6 60 98 82 a6 a0 40 40 e1 03 f0  ......`....@@...
  010:  08 1e e9 e3 00 29 32 11 1f 9f 03 25 00 06 00 00  .....)2....%....
  020:  02 d1 04 24 01 69 3c 0a 04 1a 05 7c 00 00 00 02  ...$.i<....|....
  030:  04 1a 01 5e 00 02 00 00 32 10 b8 c5 34 a5 56 85  ...^....2...4.V.
------
[38;2;0;192;0m
DECODED[24] 4:26.494 LASP audio level = 121(+40/-40)     
[38;2;0;192;0m[0] LASP>CANVAS:<0x08> È„<0x00>Ò2<0x11><0x1f>£<0x03>%<0x02><0x00><0x02><0x00><0x00><0x00><0x00><0x00><0x00><0x00><0x00><0x01><0x00><0x01><0x00><0x00><0x00><0x0c>©„©‚<0x01>ì<0x00><0x00><0x00><0x07><0x01>å<0x01><0x04><0x02><0x03><0x05><0x01><0x00><0x00>v<0x0c><0x00><0x00><0x00><0x00><0x00><0x00><0x00><0x00><0x00><0x03>º5<0x00><0x00><0x00><0x00><0x00><0x00><0x00><0x00><0x09><0x00>©ø<0x02><0x00><0x00><0x13><0x00><0x00><0x08>C<0x08>;<0x07>Œ<0x07> <0x07>ñ<0x01><0x0c>A(<0x00>Mf–<0x00>F.ÿ<0x00>6<0x0c>ÿ<0x00>2b(<0x00>TfË<0x00>JA(<0x00><0x0a>/<0x08><0x01><0x00><0x01><0x05><0x02><0x15><0x00>^<0x00><0x00>jêdHj<0x00><0x01><0x01><0x20><0x00><0x00><0x00><0x00><0x00><0x00><0x00><0x00>Ä<0x0f><0x0b><0x0b><<0x00>!IÄ<0x00><0x00><0x0c>¿<0x03><0x10><0x01>ò<0x0d><0x08><0x12>∏<0x07><0x00><0x1b>H<0x03>»<0x02><0x10>.ê<0x00>»<0x09>»<0x00><0x00><0x00><0x00><0x00><0x00><0x00><0x08><0x1d><0x16>6ì@bû<0x14>ÇÊ<0x04>@´Ø(RÈ~<0xff><0xff>íÒ<0xff><0xff>ï<0xfe><0xff><0xff><0xff>v¸<0x13>«ª<0xfe>%<0x04>H<0xff><0x11>'<0x00>˝˜<0x01><0x07><0x0
[38;2;0;192;0m------
U frame UI: p/f=0, No layer 3 protocol implemented., length = 264
 dest    CANVAS  0 c/r=0 res=3 last=0
 source  LASP    0 c/r=1 res=3 last=1
  000:  86 82 9c ac 82 a6 60 98 82 a6 a0 40 40 e1 03 f0  ......`....@@...
  010:  08 20 e9 e3 00 f1 32 11 1f a3 03 25 02 00 02 00  . ....2....%....
  020:  00 00 00 00 00 00 00 01 00 01 00 00 00 0c a9 e3  ................
  030:  a9 e2 01 93 00 00 00 07 01 8c 01 04 02 03 05 01  ................
  040:  00 00 76 0c 00 00 00 00 00 00 00 00 00 03 bc 35  ..v............5
  050:  00 00 00 00 00 00 00 00 09 00 a9 bf 02 00 00 13  ................
  060:  00 00 08 43 08 3b 07 ce 07 20 07 96 01 0c 41 28  ...C.;... ....A(
  070:  00 4d 66 d0 00 46 2e d8 00 36 0c d8 00 32 62 28  .Mf..F...6...2b(
  080:  00 54 66 e8 00 4a 41 28 00 0a 2f 08 01 00 01 05  .Tf..JA(../.....
  090:  02 15 00 5e 00 00 6a 90 64 48 6a 00 01 01 20 00  ...^..j.dHj... .
  0a0:  00 00 00 00 00 00 00 80 0f 0b 0b 3c 00 21 49 80  ...........<.!I.
  0b0:  00 00 0c c0 03 10 01 98 0d 08 12 b8 07 00 1b 48  ...............H
  0c0:  03 c8 02 10 2e 90 00 c8 09 c8 00 00 00 00 00 00  ................
  0d0:  00 08 1d 16 36 93 40 62 9e 14 82 e6 04 40 ab af  ....6.@b.....@..
  0e0:  28 52 e9 7e ff ff 92 f1 ff ff 95 fe ff ff ff 76  (R.~...........v
  0f0:  fc 13 c7 bb fe 25 04 48 ff 11 27 00 fd f7 01 07  .....%.H..'.....
  100:  00 11 08 41 ff 32 7e c0                          ...A.2~.
------
[38;2;0;192;0m
DECODED[25] 4:29.079 LASP audio level = 149(+68/-69)     
[38;2;0;192;0m[0] LASP>CANVAS:<0x08><0x07>Èÿ<0x00><0x15>2<0x11><0x1f>¶<0x03>%<0x00><0x01><0x00><0x01><0x00><0x00><0x02><0x00><0x00><0x00><0x0a><0x0a>\S›R
[38;2;0;192;0m------
U frame UI: p/f=0, No layer 3 protocol implemented., length = 44
 dest    CANVAS  0 c/r=0 res=3 last=0
 source  LASP    0 c/r=1 res=3 last=1
  000:  86 82 9c ac 82 a6 60 98 82 a6 a0 40 40 e1 03 f0  ......`....@@...
  010:  08 07 e9 d8 00 15 32 11 1f a6 03 25 00 01 00 01  ......2....%....
  020:  00 00 02 00 00 00 0a 0a 5c 53 dd 52              ........\S.R
------
[38;2;0;192;0m
DECODED[26] 4:49.079 LASP audio level = 146(+67/-67)     
[38;2;0;192;0m[0] LASP>CANVAS:<0x08><0x07>ÈÏ<0x00><0x15>2<0x11><0x1f>∫<0x03>%<0x00><0x01><0x00><0x01><0x00><0x00><0x02><0x00><0x00><0x00><0x0a><0x0a>ÿT<0x05>S
[38;2;0;192;0m------
U frame UI: p/f=0, No layer 3 protocol implemented., length = 44
 dest    CANVAS  0 c/r=0 res=3 last=0
 source  LASP    0 c/r=1 res=3 last=1
  000:  86 82 9c ac 82 a6 60 98 82 a6 a0 40 40 e1 03 f0  ......`....@@...
  010:  08 07 e9 ec 00 15 32 11 1f ba 03 25 00 01 00 01  ......2....%....
  020:  00 00 02 00 00 00 0a 0a d8 54 05 53              .........T.S
------
[38;2;0;192;0m
DECODED[27] 4:54.204 LASP audio level = 137(+55/-54)     
[38;2;0;192;0m[0] LASP>CANVAS:<0x08><0x1a>Í<0x7f><0x00>W2<0x11><0x1f>ø<0x03>%<0x08>C<0x08>;<0x07>Œ<0x07>><0x07>≤<0x07>A<0x0f>Ù<0x0b><0x16><0x0a>È<0x08>t<0x00>œ<0x01><0x05>A0<0x00>~K<0x00>E.Ë<0x00>8<0x0c>ÿ<0x00>(aP<0x00>Afê<0x00>CA0<0x00><0x00><0x00>à<0x00><0x0a>/<0x08><0x01><0x11><0x01><0x13>@n<0x01><0xff><0x00>^<0x00><0x00>jêdHj<0x00>^8\¯“Ö
[38;2;0;192;0m------
U frame UI: p/f=0, No layer 3 protocol implemented., length = 110
 dest    CANVAS  0 c/r=0 res=3 last=0
 source  LASP    0 c/r=1 res=3 last=1
  000:  86 82 9c ac 82 a6 60 98 82 a6 a0 40 40 e1 03 f0  ......`....@@...
  010:  08 1a ea 7f 00 57 32 11 1f bf 03 25 08 43 08 3b  .....W2....%.C.;
  020:  07 ce 07 3e 07 b2 07 41 0f f4 0b 16 0a e9 08 74  ...>...A.......t
  030:  00 cf 01 05 41 30 00 7e 4b f0 00 45 2e e8 00 38  ....A0.~K..E...8
  040:  0c d8 00 28 61 50 00 41 66 90 00 43 41 30 00 00  ...(aP.Af..CA0..
  050:  00 88 00 0a 2f 08 01 11 01 13 40 6e 01 ff 00 5e  ..../.....@n...^
  060:  00 00 6a 90 64 48 6a 00 5e 38 5c f8 d2 85        ..j.dHj.^8\...
------
[38;2;0;192;0m
DECODED[28] 4:59.079 LASP audio level = 148(+68/-69)     
[38;2;0;192;0m[0] LASP>CANVAS:<0x08><0x07>Èˆ<0x00><0x15>2<0x11><0x1f>ƒ<0x03>%<0x00><0x01><0x00><0x01><0x00><0x00><0x02><0x00><0x00><0x00><0x0a><0x0a>ñU<0x19>S
[38;2;0;192;0m------
U frame UI: p/f=0, No layer 3 protocol implemented., length = 44
 dest    CANVAS  0 c/r=0 res=3 last=0
 source  LASP    0 c/r=1 res=3 last=1
  000:  86 82 9c ac 82 a6 60 98 82 a6 a0 40 40 e1 03 f0  ......`....@@...
  010:  08 07 e9 f6 00 15 32 11 1f c4 03 25 00 01 00 01  ......2....%....
  020:  00 00 02 00 00 00 0a 0a 96 55 19 53              .........U.S
------
[38;2;0;192;0m
DECODED[29] 5:04.204 LASP audio level = 139(+57/-57)     
[38;2;0;192;0m[0] LASP>CANVAS:<0x08><0x1a>ÍÅ<0x00>W2<0x11><0x1f>…<0x03>%<0x08>C<0x08>;<0x07>Õ<0x07>D<0x07>µ<0x07>U<0x0f>Û<0x0b><0x09><0x0a>◊<0x0b>7<0x00>Ò<0x00>¸A0<0x00><0x7f>KË<0x00>E.ÿ<0x00>5<0x0c>ÿ<0x00>/`ê<0x00>6f∞<0x00>JA(<0x00><0x00><0x00>à<0x00><0x0a>/<0x08><0x01><0x15><0x01><0x17>@~<0x01>π<0x00>^<0x00><0x00>jêdHj<0x00>^8¸?…á
[38;2;0;192;0m------
U frame UI: p/f=0, No layer 3 protocol implemented., length = 110
 dest    CANVAS  0 c/r=0 res=3 last=0
 source  LASP    0 c/r=1 res=3 last=1
  000:  86 82 9c ac 82 a6 60 98 82 a6 a0 40 40 e1 03 f0  ......`....@@...
  010:  08 1a ea 81 00 57 32 11 1f c9 03 25 08 43 08 3b  .....W2....%.C.;
  020:  07 cd 07 44 07 b5 07 55 0f f3 0b 09 0a d7 0b 37  ...D...U.......7
  030:  00 f1 00 fc 41 30 00 7f 4b e8 00 45 2e d8 00 35  ....A0..K..E...5
  040:  0c d8 00 2f 60 90 00 36 66 b0 00 4a 41 28 00 00  .../`..6f..JA(..
  050:  00 88 00 0a 2f 08 01 15 01 17 40 7e 01 b9 00 5e  ..../.....@~...^
  060:  00 00 6a 90 64 48 6a 00 5e 38 fc 3f c9 87        ..j.dHj.^8.?..
------
[38;2;0;192;0m
DECODED[30] 5:24.118 LASP audio level = 143(+64/-63)     
[38;2;0;192;0m[0] LASP>CANVAS:<0x08><0x1e>Í!<0x00>)2<0x11><0x1f>›<0x03>%<0x00><0x06><0x00><0x00><0x02>—<0x04>$<0x01>i<<0x0a><0x04><0x1a><0x05>|<0x00><0x00><0x00><0x02><0x04><0x1a><0x01>^<0x00><0x02><0x00><0x00>2<0x10>∏≈¶Æ“Ö
[38;2;0;192;0m------
U frame UI: p/f=0, No layer 3 protocol implemented., length = 64
 dest    CANVAS  0 c/r=0 res=3 last=0
 source  LASP    0 c/r=1 res=3 last=1
  000:  86 82 9c ac 82 a6 60 98 82 a6 a0 40 40 e1 03 f0  ......`....@@...
  010:  08 1e ea 21 00 29 32 11 1f dd 03 25 00 06 00 00  ...!.)2....%....
  020:  02 d1 04 24 01 69 3c 0a 04 1a 05 7c 00 00 00 02  ...$.i<....|....
  030:  04 1a 01 5e 00 02 00 00 32 10 b8 c5 a6 ae d2 85  ...^....2.......
------
[38;2;0;0;0m

30 from /home/ubuntu/telemetry-yield/work/publication-speed-restart-20260912-v1/comparison/obs-14780429/pcm-scratch-l2pHVa/shared-pcm16.wav
30 packets decoded in 2.284 seconds.  142.9 x realtime
